// Jest Snapshot v1, https://goo.gl/fbAQLP

exports[`PageNotFound should render correctly 1`] = `
<div
  style={
    Object {
      "alignItems": "center",
      "display": "flex",
      "height": "100vh",
      "justifyContent": "center",
      "width": "100vw",
    }
  }
>
  <h1>
    Page not found
  </h1>
</div>
`;
